// Jest Snapshot v1, https://goo.gl/fbAQLP

exports[`Render Test case: expect rendering correct 1`] = `
.c0 {
  display: grid;
  grid-template-columns: 80% 20%;
  grid-template-rows: 20% 80%;
  grid-column-gap: 20px;
  background-color: #e0f7fa;
  padding: 20px;
  width: 100%;
}

.c5 {
  -webkit-flex-wrap: wrap;
  -ms-flex-wrap: wrap;
  flex-wrap: wrap;
  background-color: #e0f7fa;
  padding: 8px;
}

.c3 {
  border-collapse: collapse;
  width: 100%;
}

.c4 tr {
  width: 100%;
}

.c4 th {
  background: linear-gradient(180deg,#fff,#d9d9d9);
  background-color: #ffffff;
  white-space: nowrap;
  text-align: center;
}

.c4 th:not(:last-child) {
  border-right: 1px solid #d9d9d9;
}

.c6 tr {
  background-color: #ffffff;
  width: 100%;
}

.c6 tr:not(:last-child) {
  border-bottom: 8px solid #e0f7fa;
}

.c6 td {
  text-align: center;
  padding: 8px;
}

.c1 {
  grid-column: 1 / 3;
  width: 100%;
}

.c2 {
  border: 1px solid black;
  overflow: auto;
}

.c2.checkout {
  padding: 10px;
  height: -webkit-fit-content !important;
  height: -moz-fit-content !important;
  height: fit-content !important;
}

.c2.checkout div {
  font-weight: 700;
}

.c2.checkout div:first-child {
  border-bottom: 1px solid black;
}

.c7 {
  width: 100%;
  border-radius: 20px !important;
}

<div>
  <div
    class="c0"
  >
    <h1
      class="c1"
    >
      Your shopping Cart : 
      0
       items 
    </h1>
    <div
      class="c2"
    >
      <table
        class="c3"
      >
        <thead
          class="c4"
        >
          <tr
            class=""
          >
            <th
              class="c5"
            >
              Product
            </th>
            <th
              class="c5"
            >
              Quantity
            </th>
            <th
              class="c5"
            >
              Unit Price
            </th>
            <th
              class="c5"
            >
              Sub-Total
            </th>
            <th
              class="c5"
            />
          </tr>
        </thead>
        <tbody
          class="c6"
        />
      </table>
    </div>
    <div
      class="c2 checkout"
    >
      <div>
        <button
          class="MuiButton-root MuiButton-contained MuiButton-containedPrimary MuiButton-sizeMedium MuiButton-containedSizeMedium MuiButtonBase-root c7 css-sghohy-MuiButtonBase-root-MuiButton-root"
          tabindex="0"
          type="button"
        >
          Checkout
          <span
            class="MuiTouchRipple-root css-8je8zh-MuiTouchRipple-root"
          />
        </button>
        <p>
          items: 
          0
        </p>
        <p>
          Post fee : Free
        </p>
      </div>
      <div>
        <p>
          Total: $
          $0.00
        </p>
      </div>
    </div>
  </div>
</div>
`;
