// Jest Snapshot v1, https://goo.gl/fbAQLP

exports[`Render Test case: expect rendering correct 1`] = `
.c1 {
  display: -webkit-box;
  display: -webkit-flex;
  display: -ms-flexbox;
  display: flex;
  padding: 16px;
  -webkit-align-items: center;
  -webkit-box-align: center;
  -ms-flex-align: center;
  align-items: center;
  -webkit-box-pack: justify;
  -webkit-justify-content: space-between;
  -ms-flex-pack: justify;
  justify-content: space-between;
  background-color: #0097a7;
}

.c2 {
  height: 50px;
  border-radius: 20%;
}

.c3 {
  display: -webkit-box;
  display: -webkit-flex;
  display: -ms-flexbox;
  display: flex;
  -webkit-align-items: center;
  -webkit-box-align: center;
  -ms-flex-align: center;
  align-items: center;
  -webkit-box-pack: center;
  -webkit-justify-content: center;
  -ms-flex-pack: center;
  justify-content: center;
}

.c4 {
  background-color: #3f51b5 !important;
}

.c4:disabled {
  color: white !important;
  background-color: grey !important;
}

.c5 {
  color: white;
}

.c7 {
  width: 100%;
  background-color: #00acc1;
  color: white;
  display: -webkit-box;
  display: -webkit-flex;
  display: -ms-flexbox;
  display: flex;
  -webkit-align-items: center;
  -webkit-box-align: center;
  -ms-flex-align: center;
  align-items: center;
  -webkit-box-pack: center;
  -webkit-justify-content: center;
  -ms-flex-pack: center;
  justify-content: center;
}

.c9 {
  height: 40px;
  width: 40px;
  padding: 5px;
}

.c8 {
  padding-right: 100px;
  display: -webkit-box;
  display: -webkit-flex;
  display: -ms-flexbox;
  display: flex;
  -webkit-align-items: center;
  -webkit-box-align: center;
  -ms-flex-align: center;
  align-items: center;
}

.c10 {
  padding-right: 100px;
  display: -webkit-box;
  display: -webkit-flex;
  display: -ms-flexbox;
  display: flex;
  -webkit-align-items: center;
  -webkit-box-align: center;
  -ms-flex-align: center;
  align-items: center;
}

.c11 {
  padding-right: 80px;
  display: -webkit-box;
  display: -webkit-flex;
  display: -ms-flexbox;
  display: flex;
  -webkit-align-items: center;
  -webkit-box-align: center;
  -ms-flex-align: center;
  align-items: center;
}

.c0 {
  height: 100%;
  display: grid;
  grid-template-rows: 60px auto 60px;
}

.c6 {
  display: -webkit-box;
  display: -webkit-flex;
  display: -ms-flexbox;
  display: flex;
}

<div>
  <div
    class="c0"
  >
    <div
      class="c1"
    >
      <div>
        <img
          alt="logo"
          class="c2"
          src="shoppinglogo.png"
        />
      </div>
      <div
        class="c3"
      >
        <form
          class="MuiPaper-root MuiPaper-elevation MuiPaper-rounded MuiPaper-elevation1 css-1vm0r4s-MuiPaper-root"
        >
          <div
            class="MuiInputBase-root MuiInputBase-colorPrimary css-piqts5-MuiInputBase-root"
          >
            <input
              aria-label="Buying makes us happy"
              class="MuiInputBase-input css-yz9k0d-MuiInputBase-input"
              placeholder="Buying makes us happy"
              type="text"
              value=""
            />
          </div>
          <button
            aria-label="search"
            class="MuiButtonBase-root MuiIconButton-root MuiIconButton-sizeMedium css-1gtpq4r-MuiButtonBase-root-MuiIconButton-root"
            tabindex="0"
            type="button"
          >
            <svg
              aria-hidden="true"
              class="MuiSvgIcon-root MuiSvgIcon-fontSizeMedium css-i4bv87-MuiSvgIcon-root"
              data-testid="SearchIcon"
              focusable="false"
              viewBox="0 0 24 24"
            >
              <path
                d="M15.5 14h-.79l-.28-.27C15.41 12.59 16 11.11 16 9.5 16 5.91 13.09 3 9.5 3S3 5.91 3 9.5 5.91 16 9.5 16c1.61 0 3.09-.59 4.23-1.57l.27.28v.79l5 4.99L20.49 19l-4.99-5zm-6 0C7.01 14 5 11.99 5 9.5S7.01 5 9.5 5 14 7.01 14 9.5 11.99 14 9.5 14z"
              />
            </svg>
            <span
              class="MuiTouchRipple-root css-8je8zh-MuiTouchRipple-root"
            />
          </button>
        </form>
        <div
          class="MuiBox-root css-69324s"
        >
          <button
            class="MuiButton-root MuiButton-contained MuiButton-containedPrimary MuiButton-sizeLarge MuiButton-containedSizeLarge MuiButtonBase-root c4 css-jh47zj-MuiButtonBase-root-MuiButton-root"
            tabindex="0"
            type="button"
          >
            search
            <span
              class="MuiTouchRipple-root css-8je8zh-MuiTouchRipple-root"
            />
          </button>
        </div>
      </div>
      <div
        class=""
      >
        <span
          class="MuiBadge-root BaseBadge-root css-1c32n2y-MuiBadge-root"
        >
          <svg
            aria-hidden="true"
            class="MuiSvgIcon-root MuiSvgIcon-fontSizeLarge c5 css-tzssek-MuiSvgIcon-root"
            data-testid="AddShoppingCartIcon"
            focusable="false"
            viewBox="0 0 24 24"
          >
            <path
              d="M11 9h2V6h3V4h-3V1h-2v3H8v2h3v3zm-4 9c-1.1 0-1.99.9-1.99 2S5.9 22 7 22s2-.9 2-2-.9-2-2-2zm10 0c-1.1 0-1.99.9-1.99 2s.89 2 1.99 2 2-.9 2-2-.9-2-2-2zm-9.83-3.25.03-.12.9-1.63h7.45c.75 0 1.41-.41 1.75-1.03l3.86-7.01L19.42 4h-.01l-1.1 2-2.76 5H8.53l-.13-.27L6.16 6l-.95-2-.94-2H1v2h2l3.6 7.59-1.35 2.45c-.16.28-.25.61-.25.96 0 1.1.9 2 2 2h12v-2H7.42c-.13 0-.25-.11-.25-.25z"
            />
          </svg>
          <span
            class="MuiBadge-badge MuiBadge-standard MuiBadge-invisible MuiBadge-anchorOriginTopRight MuiBadge-anchorOriginTopRightRectangular MuiBadge-overlapRectangular MuiBadge-colorError BaseBadge-badge BaseBadge-invisible css-zkqb44-MuiBadge-badge"
          />
        </span>
      </div>
    </div>
    <div
      class="c6"
    />
    <div
      class="c7"
    >
      <div
        class="c8"
      >
        <span>
          Payment methods:  
        </span>
        <img
          alt="visa"
          class="c9"
          src="https://cdn-icons-png.flaticon.com/512/39/39196.png"
        />
        <img
          alt="JCB"
          class="c9"
          src="https://cdn-icons-png.flaticon.com/512/349/349237.png"
        />
        <img
          alt="paypal"
          class="c9"
          src="https://cdn-icons-png.flaticon.com/512/349/349247.png"
        />
        <img
          alt="AMEX"
          class="c9"
          src="https://cdn-icons-png.flaticon.com/128/493/493771.png"
        />
      </div>
      <div
        class="c10"
      >
        <span>
          Like us?  
        </span>
        <svg
          aria-hidden="true"
          class="MuiSvgIcon-root MuiSvgIcon-fontSizeMedium css-i4bv87-MuiSvgIcon-root"
          data-testid="ThumbUpOffAltIcon"
          focusable="false"
          viewBox="0 0 24 24"
        >
          <path
            d="m13.11 5.72-.57 2.89c-.12.59.04 1.2.42 1.66.38.46.94.73 1.54.73H20v1.08L17.43 18H9.34c-.18 0-.34-.16-.34-.34V9.82l4.11-4.1M14 2 7.59 8.41C7.21 8.79 7 9.3 7 9.83v7.83C7 18.95 8.05 20 9.34 20h8.1c.71 0 1.36-.37 1.72-.97l2.67-6.15c.11-.25.17-.52.17-.8V11c0-1.1-.9-2-2-2h-5.5l.92-4.65c.05-.22.02-.46-.08-.66-.23-.45-.52-.86-.88-1.22L14 2zM4 9H2v11h2c.55 0 1-.45 1-1v-9c0-.55-.45-1-1-1z"
          />
        </svg>
           
        <img
          alt="facebook"
          class="c9"
          src="https://cdn-icons-png.flaticon.com/128/733/733547.png"
        />
        <img
          alt="instagram"
          class="c9"
          src="https://cdn-icons-png.flaticon.com/512/2111/2111463.png"
        />
        <img
          alt="twitter"
          class="c9"
          src="https://cdn-icons-png.flaticon.com/512/1409/1409937.png"
        />
        <img
          alt="ticktok"
          class="c9"
          src="https://cdn-icons-png.flaticon.com/128/5968/5968812.png"
        />
      </div>
      <div
        class="c11 MuiBox-root css-69324s"
      >
        <button
          class="MuiButton-root MuiButton-contained MuiButton-containedPrimary MuiButton-sizeSmall MuiButton-containedSizeSmall MuiButtonBase-root  css-11qr2p8-MuiButtonBase-root-MuiButton-root"
          tabindex="0"
          type="button"
        >
          Contact Us
          <span
            class="MuiTouchRipple-root css-8je8zh-MuiTouchRipple-root"
          />
        </button>
      </div>
    </div>
  </div>
</div>
`;
