// Jest Snapshot v1, https://goo.gl/fbAQLP

exports[`Render Test case: expect rendering correct 1`] = `
.c0 {
  text-align: center;
  background-image: url("https://cdn.vectorstock.com/i/1000x1000/80/01/digital-shop-logo-design-template-vector-14438001.webp");
  background-size: cover;
  color: #455a64;
  width: 100%;
}

<div>
  <div
    class="c0"
  >
    <h1>
       Homepage
    </h1>
    <h2>
      WELCOME TO MYSTORE !
    </h2>
    <h3>
      It's time to treat yourself.
    </h3>
    <div>
      <button
        class="MuiButton-root MuiButton-contained MuiButton-containedPrimary MuiButton-sizeLarge MuiButton-containedSizeLarge MuiButtonBase-root  css-jh47zj-MuiButtonBase-root-MuiButton-root"
        tabindex="0"
        type="button"
      >
        Shopping Now
        <span
          class="MuiTouchRipple-root css-8je8zh-MuiTouchRipple-root"
        />
      </button>
    </div>
  </div>
</div>
`;
